// Jest Snapshot v1, https://goo.gl/fbAQLP

exports[`SettingsItem component should render custom SettingsItem 1`] = `
<div
  className="settings-item-component"
  onClick={[Function]}
>
  <FontAwesomeIcon
    icon={
      Object {
        "icon": Array [
          448,
          512,
          Array [],
          "f1c0",
          "M448 73.143v45.714C448 159.143 347.667 192 224 192S0 159.143 0 118.857V73.143C0 32.857 100.333 0 224 0s224 32.857 224 73.143zM448 176v102.857C448 319.143 347.667 352 224 352S0 319.143 0 278.857V176c48.125 33.143 136.208 48.572 224 48.572S399.874 209.143 448 176zm0 160v102.857C448 479.143 347.667 512 224 512S0 479.143 0 438.857V336c48.125 33.143 136.208 48.572 224 48.572S399.874 369.143 448 336z",
        ],
        "iconName": "database",
        "prefix": "fas",
      }
    }
  />
</div>
`;

exports[`SettingsItem component should render default SettingsItem 1`] = `
<div
  className="settings-item-component"
  onClick={[Function]}
>
  <FontAwesomeIcon
    icon={
      Object {
        "icon": Array [
          512,
          512,
          Array [],
          "f06a",
          "M504 256c0 136.997-111.043 248-248 248S8 392.997 8 256C8 119.083 119.043 8 256 8s248 111.083 248 248zm-248 50c-25.405 0-46 20.595-46 46s20.595 46 46 46 46-20.595 46-46-20.595-46-46-46zm-43.673-165.346l7.418 136c.347 6.364 5.609 11.346 11.982 11.346h48.546c6.373 0 11.635-4.982 11.982-11.346l7.418-136c.375-6.874-5.098-12.654-11.982-12.654h-63.383c-6.884 0-12.356 5.78-11.981 12.654z",
        ],
        "iconName": "exclamation-circle",
        "prefix": "fas",
      }
    }
  />
</div>
`;
