// Jest Snapshot v1, https://goo.gl/fbAQLP

exports[`Settings component should render Settings after expand 1`] = `
<div
  className="settings-component expanded"
>
  <FontAwesomeIcon
    className="settings-component-switch"
    icon={
      Object {
        "icon": Array [
          352,
          512,
          Array [],
          "f00d",
          "M242.72 256l100.07-100.07c12.28-12.28 12.28-32.19 0-44.48l-22.24-22.24c-12.28-12.28-32.19-12.28-44.48 0L176 189.28 75.93 89.21c-12.28-12.28-32.19-12.28-44.48 0L9.21 111.45c-12.28 12.28-12.28 32.19 0 44.48L109.28 256 9.21 356.07c-12.28 12.28-12.28 32.19 0 44.48l22.24 22.24c12.28 12.28 32.2 12.28 44.48 0L176 322.72l100.07 100.07c12.28 12.28 32.2 12.28 44.48 0l22.24-22.24c12.28-12.28 12.28-32.19 0-44.48L242.72 256z",
        ],
        "iconName": "times",
        "prefix": "fas",
      }
    }
    onClick={[Function]}
  />
  <div
    className="settings-component-sidebar"
  >
    <div
      className="common-actions"
    >
      <SettingsItem
        icon={
          Object {
            "icon": Array [
              576,
              512,
              Array [],
              "f015",
              "M280.37 148.26L96 300.11V464a16 16 0 0 0 16 16l112.06-.29a16 16 0 0 0 15.92-16V368a16 16 0 0 1 16-16h64a16 16 0 0 1 16 16v95.64a16 16 0 0 0 16 16.05L464 480a16 16 0 0 0 16-16V300L295.67 148.26a12.19 12.19 0 0 0-15.3 0zM571.6 251.47L488 182.56V44.05a12 12 0 0 0-12-12h-56a12 12 0 0 0-12 12v72.61L318.47 43a48 48 0 0 0-61 0L4.34 251.47a12 12 0 0 0-1.6 16.9l25.5 31A12 12 0 0 0 45.15 301l235.22-193.74a12.19 12.19 0 0 1 15.3 0L530.9 301a12 12 0 0 0 16.9-1.6l25.5-31a12 12 0 0 0-1.7-16.93z",
            ],
            "iconName": "home",
            "prefix": "fas",
          }
        }
        id="settings-item-home"
        onClick={[Function]}
      />
      <SettingsItem
        icon={
          Object {
            "icon": Array [
              448,
              512,
              Array [],
              "f007",
              "M224 256c70.7 0 128-57.3 128-128S294.7 0 224 0 96 57.3 96 128s57.3 128 128 128zm89.6 32h-16.7c-22.2 10.2-46.9 16-72.9 16s-50.6-5.8-72.9-16h-16.7C60.2 288 0 348.2 0 422.4V464c0 26.5 21.5 48 48 48h352c26.5 0 48-21.5 48-48v-41.6c0-74.2-60.2-134.4-134.4-134.4z",
            ],
            "iconName": "user",
            "prefix": "fas",
          }
        }
        id="settings-item-profile"
        onClick={[Function]}
      />
      <SettingsItem
        icon={
          Object {
            "icon": Array [
              512,
              512,
              Array [],
              "f74d",
              "M32 0C14.3 0 0 14.3 0 32v464c0 8.8 7.2 16 16 16h32c8.8 0 16-7.2 16-16V32C64 14.3 49.7 0 32 0zm267.9 303.6c-57.2-15.1-111.7-28.8-203.9 11.1V384c185.7-92.2 221.7 53.3 397.5-23.1 11.4-5 18.5-16.5 18.5-28.8v-36c-43.6 17.3-80.2 24.1-112.1 24.1-37.4-.1-68.9-8.4-100-16.6zm0-96c-57.2-15.1-111.7-28.8-203.9 11.1v61.5c94.8-37.6 154.6-22.7 212.1-7.6 57.2 15.1 111.7 28.8 203.9-11.1V200c-43.6 17.3-80.2 24.1-112.1 24.1-37.4 0-68.9-8.3-100-16.5zm9.5-125.9c51.8 15.6 97.4 29 202.6-20.1V30.8c0-25.1-26.8-38.1-49.4-26.6C291.3 91.5 305.4-62.2 96 32.4v151.9c94.8-37.5 154.6-22.7 212.1-7.6 57.2 15 111.7 28.7 203.9-11.1V96.7c-53.6 23.5-93.3 31.4-126.1 31.4s-59-7.8-85.7-15.9c-4-1.2-8.1-2.4-12.1-3.5V75.5c7.2 2 14.3 4.1 21.3 6.2zM160 128.1c-8.8 0-16-7.1-16-16 0-8.8 7.2-16 16-16s16 7.1 16 16-7.2 16-16 16zm0-55.8c-8.8 0-16-7.1-16-16 0-8.8 7.2-16 16-16s16 7.1 16 16c0 8.8-7.2 16-16 16zm64 47.9c-8.8 0-16-7.1-16-16 0-8.8 7.2-16 16-16s16 7.1 16 16c0 8.8-7.2 16-16 16zm0-55.9c-8.8 0-16-7.1-16-16 0-8.8 7.2-16 16-16s16 7.1 16 16c0 8.8-7.2 16-16 16z",
            ],
            "iconName": "flag-usa",
            "prefix": "fas",
          }
        }
        id="settings-item-language"
        onClick={[Function]}
      />
      <SettingsItem
        icon={
          Object {
            "icon": Array [
              192,
              512,
              Array [],
              "f129",
              "M20 424.229h20V279.771H20c-11.046 0-20-8.954-20-20V212c0-11.046 8.954-20 20-20h112c11.046 0 20 8.954 20 20v212.229h20c11.046 0 20 8.954 20 20V492c0 11.046-8.954 20-20 20H20c-11.046 0-20-8.954-20-20v-47.771c0-11.046 8.954-20 20-20zM96 0C56.235 0 24 32.235 24 72s32.235 72 72 72 72-32.235 72-72S135.764 0 96 0z",
            ],
            "iconName": "info",
            "prefix": "fas",
          }
        }
        id="settings-item-about"
        onClick={[Function]}
      />
    </div>
    <div
      className="component-actions"
    />
  </div>
</div>
`;

exports[`Settings component should render default Settings 1`] = `
<div
  className="settings-component "
>
  <FontAwesomeIcon
    className="settings-component-switch"
    icon={
      Object {
        "icon": Array [
          512,
          512,
          Array [],
          "f013",
          "M487.4 315.7l-42.6-24.6c4.3-23.2 4.3-47 0-70.2l42.6-24.6c4.9-2.8 7.1-8.6 5.5-14-11.1-35.6-30-67.8-54.7-94.6-3.8-4.1-10-5.1-14.8-2.3L380.8 110c-17.9-15.4-38.5-27.3-60.8-35.1V25.8c0-5.6-3.9-10.5-9.4-11.7-36.7-8.2-74.3-7.8-109.2 0-5.5 1.2-9.4 6.1-9.4 11.7V75c-22.2 7.9-42.8 19.8-60.8 35.1L88.7 85.5c-4.9-2.8-11-1.9-14.8 2.3-24.7 26.7-43.6 58.9-54.7 94.6-1.7 5.4.6 11.2 5.5 14L67.3 221c-4.3 23.2-4.3 47 0 70.2l-42.6 24.6c-4.9 2.8-7.1 8.6-5.5 14 11.1 35.6 30 67.8 54.7 94.6 3.8 4.1 10 5.1 14.8 2.3l42.6-24.6c17.9 15.4 38.5 27.3 60.8 35.1v49.2c0 5.6 3.9 10.5 9.4 11.7 36.7 8.2 74.3 7.8 109.2 0 5.5-1.2 9.4-6.1 9.4-11.7v-49.2c22.2-7.9 42.8-19.8 60.8-35.1l42.6 24.6c4.9 2.8 11 1.9 14.8-2.3 24.7-26.7 43.6-58.9 54.7-94.6 1.5-5.5-.7-11.3-5.6-14.1zM256 336c-44.1 0-80-35.9-80-80s35.9-80 80-80 80 35.9 80 80-35.9 80-80 80z",
        ],
        "iconName": "cog",
        "prefix": "fas",
      }
    }
    onClick={[Function]}
  />
  <div
    className="settings-component-sidebar"
  >
    <div
      className="common-actions"
    >
      <SettingsItem
        icon={
          Object {
            "icon": Array [
              576,
              512,
              Array [],
              "f015",
              "M280.37 148.26L96 300.11V464a16 16 0 0 0 16 16l112.06-.29a16 16 0 0 0 15.92-16V368a16 16 0 0 1 16-16h64a16 16 0 0 1 16 16v95.64a16 16 0 0 0 16 16.05L464 480a16 16 0 0 0 16-16V300L295.67 148.26a12.19 12.19 0 0 0-15.3 0zM571.6 251.47L488 182.56V44.05a12 12 0 0 0-12-12h-56a12 12 0 0 0-12 12v72.61L318.47 43a48 48 0 0 0-61 0L4.34 251.47a12 12 0 0 0-1.6 16.9l25.5 31A12 12 0 0 0 45.15 301l235.22-193.74a12.19 12.19 0 0 1 15.3 0L530.9 301a12 12 0 0 0 16.9-1.6l25.5-31a12 12 0 0 0-1.7-16.93z",
            ],
            "iconName": "home",
            "prefix": "fas",
          }
        }
        id="settings-item-home"
        onClick={[Function]}
      />
      <SettingsItem
        icon={
          Object {
            "icon": Array [
              448,
              512,
              Array [],
              "f007",
              "M224 256c70.7 0 128-57.3 128-128S294.7 0 224 0 96 57.3 96 128s57.3 128 128 128zm89.6 32h-16.7c-22.2 10.2-46.9 16-72.9 16s-50.6-5.8-72.9-16h-16.7C60.2 288 0 348.2 0 422.4V464c0 26.5 21.5 48 48 48h352c26.5 0 48-21.5 48-48v-41.6c0-74.2-60.2-134.4-134.4-134.4z",
            ],
            "iconName": "user",
            "prefix": "fas",
          }
        }
        id="settings-item-profile"
        onClick={[Function]}
      />
      <SettingsItem
        icon={
          Object {
            "icon": Array [
              512,
              512,
              Array [],
              "f74d",
              "M32 0C14.3 0 0 14.3 0 32v464c0 8.8 7.2 16 16 16h32c8.8 0 16-7.2 16-16V32C64 14.3 49.7 0 32 0zm267.9 303.6c-57.2-15.1-111.7-28.8-203.9 11.1V384c185.7-92.2 221.7 53.3 397.5-23.1 11.4-5 18.5-16.5 18.5-28.8v-36c-43.6 17.3-80.2 24.1-112.1 24.1-37.4-.1-68.9-8.4-100-16.6zm0-96c-57.2-15.1-111.7-28.8-203.9 11.1v61.5c94.8-37.6 154.6-22.7 212.1-7.6 57.2 15.1 111.7 28.8 203.9-11.1V200c-43.6 17.3-80.2 24.1-112.1 24.1-37.4 0-68.9-8.3-100-16.5zm9.5-125.9c51.8 15.6 97.4 29 202.6-20.1V30.8c0-25.1-26.8-38.1-49.4-26.6C291.3 91.5 305.4-62.2 96 32.4v151.9c94.8-37.5 154.6-22.7 212.1-7.6 57.2 15 111.7 28.7 203.9-11.1V96.7c-53.6 23.5-93.3 31.4-126.1 31.4s-59-7.8-85.7-15.9c-4-1.2-8.1-2.4-12.1-3.5V75.5c7.2 2 14.3 4.1 21.3 6.2zM160 128.1c-8.8 0-16-7.1-16-16 0-8.8 7.2-16 16-16s16 7.1 16 16-7.2 16-16 16zm0-55.8c-8.8 0-16-7.1-16-16 0-8.8 7.2-16 16-16s16 7.1 16 16c0 8.8-7.2 16-16 16zm64 47.9c-8.8 0-16-7.1-16-16 0-8.8 7.2-16 16-16s16 7.1 16 16c0 8.8-7.2 16-16 16zm0-55.9c-8.8 0-16-7.1-16-16 0-8.8 7.2-16 16-16s16 7.1 16 16c0 8.8-7.2 16-16 16z",
            ],
            "iconName": "flag-usa",
            "prefix": "fas",
          }
        }
        id="settings-item-language"
        onClick={[Function]}
      />
      <SettingsItem
        icon={
          Object {
            "icon": Array [
              192,
              512,
              Array [],
              "f129",
              "M20 424.229h20V279.771H20c-11.046 0-20-8.954-20-20V212c0-11.046 8.954-20 20-20h112c11.046 0 20 8.954 20 20v212.229h20c11.046 0 20 8.954 20 20V492c0 11.046-8.954 20-20 20H20c-11.046 0-20-8.954-20-20v-47.771c0-11.046 8.954-20 20-20zM96 0C56.235 0 24 32.235 24 72s32.235 72 72 72 72-32.235 72-72S135.764 0 96 0z",
            ],
            "iconName": "info",
            "prefix": "fas",
          }
        }
        id="settings-item-about"
        onClick={[Function]}
      />
    </div>
    <div
      className="component-actions"
    />
  </div>
</div>
`;
