// Jest Snapshot v1, https://goo.gl/fbAQLP

exports[`AnonymousRoute component should render Redirect component 1`] = `
<Redirect
  to="/list"
/>
`;

exports[`AnonymousRoute component should render Route to props component 1`] = `
<Route
  component={[Function]}
/>
`;
