// Jest Snapshot v1, https://goo.gl/fbAQLP

exports[`ProtectedRoute component should render Redirect component 1`] = `
<Redirect
  to="/login"
/>
`;

exports[`ProtectedRoute component should render Route to props component 1`] = `
<Route
  component={[Function]}
/>
`;
