// Jest Snapshot v1, https://goo.gl/fbAQLP

exports[`Task component should render completed Task 1`] = `
<div
  className="task-component completed"
  onClick={null}
>
  <FontAwesomeIcon
    className="icon"
    icon={
      Object {
        "icon": Array [
          512,
          512,
          Array [],
          "f058",
          "M256 8C119.033 8 8 119.033 8 256s111.033 248 248 248 248-111.033 248-248S392.967 8 256 8zm0 48c110.532 0 200 89.451 200 200 0 110.532-89.451 200-200 200-110.532 0-200-89.451-200-200 0-110.532 89.451-200 200-200m140.204 130.267l-22.536-22.718c-4.667-4.705-12.265-4.736-16.97-.068L215.346 303.697l-59.792-60.277c-4.667-4.705-12.265-4.736-16.97-.069l-22.719 22.536c-4.705 4.667-4.736 12.265-.068 16.971l90.781 91.516c4.667 4.705 12.265 4.736 16.97.068l172.589-171.204c4.704-4.668 4.734-12.266.067-16.971z",
        ],
        "iconName": "check-circle",
        "prefix": "far",
      }
    }
  />
  Completed task
  <FontAwesomeIcon
    className="icon-trash"
    icon={
      Object {
        "icon": Array [
          448,
          512,
          Array [],
          "f2ed",
          "M268 416h24a12 12 0 0 0 12-12V188a12 12 0 0 0-12-12h-24a12 12 0 0 0-12 12v216a12 12 0 0 0 12 12zM432 80h-82.41l-34-56.7A48 48 0 0 0 274.41 0H173.59a48 48 0 0 0-41.16 23.3L98.41 80H16A16 16 0 0 0 0 96v16a16 16 0 0 0 16 16h16v336a48 48 0 0 0 48 48h288a48 48 0 0 0 48-48V128h16a16 16 0 0 0 16-16V96a16 16 0 0 0-16-16zM171.84 50.91A6 6 0 0 1 177 48h94a6 6 0 0 1 5.15 2.91L293.61 80H154.39zM368 464H80V128h288zm-212-48h24a12 12 0 0 0 12-12V188a12 12 0 0 0-12-12h-24a12 12 0 0 0-12 12v216a12 12 0 0 0 12 12z",
        ],
        "iconName": "trash-alt",
        "prefix": "far",
      }
    }
    onClick={null}
  />
</div>
`;

exports[`Task component should render default Task 1`] = `
<div
  className="task-component incomplete"
  onClick={null}
>
  <FontAwesomeIcon
    className="icon"
    icon={
      Object {
        "icon": Array [
          512,
          512,
          Array [],
          "f058",
          "M504 256c0 136.967-111.033 248-248 248S8 392.967 8 256 119.033 8 256 8s248 111.033 248 248zM227.314 387.314l184-184c6.248-6.248 6.248-16.379 0-22.627l-22.627-22.627c-6.248-6.249-16.379-6.249-22.628 0L216 308.118l-70.059-70.059c-6.248-6.248-16.379-6.248-22.628 0l-22.627 22.627c-6.248 6.248-6.248 16.379 0 22.627l104 104c6.249 6.249 16.379 6.249 22.628.001z",
        ],
        "iconName": "check-circle",
        "prefix": "fas",
      }
    }
  />
  Task
</div>
`;

exports[`Task component should render uncomplete Task 1`] = `
<div
  className="task-component incomplete"
  onClick={null}
>
  <FontAwesomeIcon
    className="icon"
    icon={
      Object {
        "icon": Array [
          512,
          512,
          Array [],
          "f058",
          "M504 256c0 136.967-111.033 248-248 248S8 392.967 8 256 119.033 8 256 8s248 111.033 248 248zM227.314 387.314l184-184c6.248-6.248 6.248-16.379 0-22.627l-22.627-22.627c-6.248-6.249-16.379-6.249-22.628 0L216 308.118l-70.059-70.059c-6.248-6.248-16.379-6.248-22.628 0l-22.627 22.627c-6.248 6.248-6.248 16.379 0 22.627l104 104c6.249 6.249 16.379 6.249 22.628.001z",
        ],
        "iconName": "check-circle",
        "prefix": "fas",
      }
    }
  />
  Uncompleted task
</div>
`;
