// Jest Snapshot v1, https://goo.gl/fbAQLP

exports[`Confirmation modal should not render modal 1`] = `""`;

exports[`Confirmation modal should render modal 1`] = `
<div
  className="confirmation-modal-component"
  onClick={[Function]}
>
  <div
    className="modal-body"
    onClick={[Function]}
  >
    <h2
      className="modal-title"
    >
      Delete
    </h2>
    <div
      className="modal-description"
    >
      This action will permanently delete 'TEST' todo list! Are you sure?
    </div>
    <div
      className="modal-confirmation-button"
    >
      <span
        className="confirmation-text"
        onClick={[Function]}
      >
        modal.confirmation
      </span>
    </div>
  </div>
</div>
`;
